00000000-00000000 : reserved
00000000-00000000 : System RAM
  00000000-00000000 : Kernel code
  00000000-00000000 : reserved
  00000000-00000000 : Kernel data
  00000000-00000000 : reserved
  00000000-00000000 : reserved
  00000000-00000000 : reserved
  00000000-00000000 : reserved
  00000000-00000000 : reserved
  00000000-00000000 : reserved
00000000-00000000 : System RAM
  00000000-00000000 : reserved
  00000000-00000000 : reserved
00000000-00000000 : System RAM
  00000000-00000000 : reserved
  00000000-00000000 : reserved
00000000-00000000 : System RAM
  00000000-00000000 : reserved
  00000000-00000000 : reserved
  00000000-00000000 : reserved
00000000-00000000 : System RAM
  00000000-00000000 : reserved
  00000000-00000000 : reserved
00000000-00000000 : System RAM
  00000000-00000000 : reserved
  00000000-00000000 : reserved
00000000-00000000 : System RAM
  00000000-00000000 : reserved
  00000000-00000000 : reserved
00000000-00000000 : System RAM
  00000000-00000000 : reserved
  00000000-00000000 : reserved
  00000000-00000000 : reserved
  00000000-00000000 : reserved
  00000000-00000000 : reserved
00000000-00000000 : 1000005100.iommu iommu@5100
00000000-00000000 : 1000005200.iommu iommu@5200
00000000-00000000 : 1000005280.iommu iommu@5280
00000000-00000000 : 1000005b00.iommuc iommuc@5b00
00000000-00000000 : 1000010000.dma dma@10000
00000000-00000000 : 1000010600.dma dma@10600
00000000-00000000 : 1000110000.pcie pcie@1000110000
00000000-00000000 : 1000119500.reset-controller reset-controller@119500
00000000-00000000 : 1000120000.pcie pcie@1000120000
00000000-00000000 : 1000800000.codec hevc
00000000-00000000 : 1000800000.codec intc
00000000-00000000 : 1000880000.pisp_be pisp_be@880000
00000000-00000000 : 1000fff000.mmc host
00000000-00000000 : 1000fff000.mmc cfg
00000000-00000000 : 1001100000.mmc host
00000000-00000000 : 1001100000.mmc cfg
00000000-00000000 : 1001504318.reset-controller reset-controller@1504318
00000000-00000000 : 1002000000.v3d hub
00000000-00000000 : 1002000000.v3d core0
00000000-00000000 : 1002000000.v3d sms
00000000-00000000 : 107c013880.mailbox mailbox@7c013880
00000000-00000000 : 107c410000.pixelvalve pixelvalve@7c410000
00000000-00000000 : 107c411000.pixelvalve pixelvalve@7c411000
00000000-00000000 : 107c500000.mop mop@7c500000
00000000-00000000 : 107c501000.moplet moplet@7c501000
00000000-00000000 : 107c580000.hvs hvs@107c580000
00000000-00000000 : 107c700000.clock clock@7c700000
00000000-00000000 : serial@7d001000
  00000000-00000000 : 107d001000.serial serial@7d001000
00000000-00000000 : 107d004000.spi spi@7d004000
00000000-00000000 : 107d200000.watchdog pm
00000000-00000000 : 107d208000.rng rng@7d208000
00000000-00000000 : 107d504100.pinctrl pinctrl@7d504100
00000000-00000000 : 107d508200.i2c i2c@7d508200
00000000-00000000 : 107d508280.i2c i2c@7d508280
00000000-00000000 : 107d508500.gpio gpio@7d508500
00000000-00000000 : serial
00000000-00000000 : 107d510700.pinctrl pinctrl@7d510700
00000000-00000000 : 107d517c00.gpio gpio@7d517c00
00000000-00000000 : pcie@1000110000
00000000-00000000 : pcie@1000110000
  00000000-00000000 : PCI Bus 0001:01
    00000000-00000000 : 0001:01:00.0
      00000000-00000000 : nvme
00000000-00000000 : pcie@1000120000
00000000-00000000 : pcie@1000120000
  00000000-00000000 : PCI Bus 0002:01
    00000000-00000000 : 0002:01:00.0
      00000000-00000000 : 1f00008000.mailbox mailbox@8000
      00000000-00000000 : 1f00018000.clocks clocks@18000
      00000000-00000000 : 1f00050000.spi spi@50000
      00000000-00000000 : 1f00074000.i2c i2c@74000
      00000000-00000000 : 1f00080000.i2c i2c@80000
      00000000-00000000 : 1f00088000.i2c i2c@88000
      00000000-00000000 : 1f0009c000.pwm pwm@9c000
      00000000-00000000 : 1f000c8000.adc adc@c8000
      00000000-00000000 : 1f000d0000.gpio gpio@d0000
      00000000-00000000 : 1f000d0000.gpio gpio@d0000
      00000000-00000000 : 1f000d0000.gpio gpio@d0000
      00000000-00000000 : 1f00100000.ethernet ethernet@100000
      00000000-00000000 : 1f00118000.dsi dsi@110000
      00000000-00000000 : 1f00118000.dsi dsi@110000
      00000000-00000000 : 1f00118000.dsi dsi@110000
      00000000-00000000 : 1f00128000.csi csi@128000
      00000000-00000000 : 1f00128000.csi csi@128000
      00000000-00000000 : 1f00128000.csi csi@128000
      00000000-00000000 : 1f00128000.csi csi@128000
      00000000-00000000 : 1f00178000.pio pio@178000
      00000000-00000000 : 1f00188000.dma dma@188000
      00000000-00000000 : usb@200000
        00000000-00000000 : xhci-hcd.0 usb@200000
      00000000-00000000 : 1f00200000.usb usb@200000
      00000000-00000000 : usb@300000
        00000000-00000000 : xhci-hcd.1 usb@300000
      00000000-00000000 : 1f00300000.usb usb@300000
    00000000-00000000 : 0002:01:00.0
      00000000-00000000 : 1f00400000.sram sram@400000
    00000000-00000000 : 0002:01:00.0
